
> frontend@0.1.0 build
> next build

Γû▓ Next.js 16.1.6 (Turbopack)
- Environments: .env
- Experiments (use with caution):
  Γ¿» serverComponentsHmrCache

  Creating an optimized production build ...
Γ£ô Compiled successfully in 7.7s
  Running TypeScript ...
  Collecting page data using 15 workers ...
  Generating static pages using 15 workers (0/9) ...
undefined
  Generating static pages using 15 workers (2/9) 
  Generating static pages using 15 workers (4/9) 
  Generating static pages using 15 workers (6/9) 
Γ£ô Generating static pages using 15 workers (9/9) in 1442.3ms
  Finalizing page optimization ...

Route (app)
Γöî ╞Æ /
Γö£ ╞Æ /_not-found
Γö£ ╞Æ /dashboard
Γö£ ╞Æ /pantry
Γö£ ╞Æ /pantry/recipes
Γö£ ╞Æ /recipe
Γö£ ╞Æ /recipes
Γö£ ╞Æ /recipes/category/[category]
Γö£ ╞Æ /recipes/cuisine/[cuisine]
Γö£ ╞Æ /sign-in/[[...sign-in]]
Γöö ╞Æ /sign-up/[[...sign-up]]


╞Æ Proxy (Middleware)

╞Æ  (Dynamic)  server-rendered on demand

